---
source: tests/snapshot_test.rs
expression: terminal.backend()
---
"                                                                                "
"                  ╭──────Features  [+]                                          "
"                  │                                                             "
" Mind Map Root────┤                      ╭──────model.rs                        "
"                  ╰──────Architecture────┤                                      "
"                                         ╰──────ui.rs                           "
"                                                                                "
"                                                                                "
"                                                                                "
"                                                                                "
"                                                                                "
"                                                                                "
"                                                                                "
"                                                                                "
"                                                                                "
"                                                                                "
"                                                                                "
"                                                                                "
"                                                                                "
"h-m-m | 7 nodes                                                                 "
