---
source: tests/snapshot_test.rs
expression: terminal.backend()
---
"                                                                                "
" Level 0 (Root) ──    ───Level 1 ──    ───Level 2 ──    ───Level 3 ──    ───Leve"
"                                                                                "
"                                                                                "
"                                                                                "
"                                                                                "
"                                                                                "
"                                                                                "
"                                                                                "
"                                                                                "
"                                                                                "
"                                                                                "
"                                                                                "
"                                                                                "
"                                                                                "
"                                                                                "
"                                                                                "
"                                                                                "
"                                                                                "
"h-m-m | 11 nodes                                                                "
